// Jest Snapshot v1, https://goo.gl/fbAQLP

exports[`When the list has paragraph elements 1`] = `
Array [
  Object {
    "children": Array [
      Object {
        "children": Array [
          Object {
            "children": Array [
              Object {
                "text": "Bullet 1",
              },
            ],
            "type": "paragraph",
          },
        ],
        "type": "list_item",
      },
      Object {
        "children": Array [
          Object {
            "children": Array [
              Object {
                "text": "Bullet 2",
              },
            ],
            "type": "paragraph",
          },
          Object {
            "children": Array [
              Object {
                "children": Array [
                  Object {
                    "children": Array [
                      Object {
                        "text": "Nested 1 Bullet 1",
                      },
                    ],
                    "type": "paragraph",
                  },
                ],
                "type": "list_item",
              },
              Object {
                "children": Array [
                  Object {
                    "children": Array [
                      Object {
                        "text": "Nested 1 Bullet 2",
                      },
                    ],
                    "type": "paragraph",
                  },
                  Object {
                    "children": Array [
                      Object {
                        "children": Array [
                          Object {
                            "children": Array [
                              Object {
                                "text": "Nested 2 Bullet 1",
                              },
                            ],
                            "type": "paragraph",
                          },
                        ],
                        "type": "list_item",
                      },
                      Object {
                        "children": Array [
                          Object {
                            "children": Array [
                              Object {
                                "text": "Nested 2 Bullet 2",
                              },
                            ],
                            "type": "paragraph",
                          },
                        ],
                        "type": "list_item",
                      },
                    ],
                    "type": "ul_list",
                  },
                ],
                "type": "list_item",
              },
            ],
            "type": "ul_list",
          },
        ],
        "type": "list_item",
      },
    ],
    "type": "ul_list",
  },
]
`;
